{
  "version": "1.5.0",
  "plugins_used": [
    {
      "name": "ArtifactoryDetector"
    },
    {
      "name": "AWSKeyDetector"
    },
    {
      "name": "AzureStorageKeyDetector"
    },
    {
      "name": "Base64HighEntropyString",
      "limit": 4.5
    },
    {
      "name": "BasicAuthDetector"
    },
    {
      "name": "CloudantDetector"
    },
    {
      "name": "DiscordBotTokenDetector"
    },
    {
      "name": "GitHubTokenDetector"
    },
    {
      "name": "GitLabTokenDetector"
    },
    {
      "name": "HexHighEntropyString",
      "limit": 3.0
    },
    {
      "name": "IbmCloudIamDetector"
    },
    {
      "name": "IbmCosHmacDetector"
    },
    {
      "name": "IPPublicDetector"
    },
    {
      "name": "JwtTokenDetector"
    },
    {
      "name": "KeywordDetector",
      "keyword_exclude": ""
    },
    {
      "name": "MailchimpDetector"
    },
    {
      "name": "NpmDetector"
    },
    {
      "name": "OpenAIDetector"
    },
    {
      "name": "PrivateKeyDetector"
    },
    {
      "name": "PypiTokenDetector"
    },
    {
      "name": "SendGridDetector"
    },
    {
      "name": "SlackDetector"
    },
    {
      "name": "SoftlayerDetector"
    },
    {
      "name": "SquareOAuthDetector"
    },
    {
      "name": "StripeDetector"
    },
    {
      "name": "TelegramBotTokenDetector"
    },
    {
      "name": "TwilioKeyDetector"
    }
  ],
  "filters_used": [
    {
      "path": "detect_secrets.filters.allowlist.is_line_allowlisted"
    },
    {
      "path": "detect_secrets.filters.common.is_baseline_file",
      "filename": ".secrets.baseline"
    },
    {
      "path": "detect_secrets.filters.common.is_ignored_due_to_verification_policies",
      "min_level": 2
    },
    {
      "path": "detect_secrets.filters.heuristic.is_indirect_reference"
    },
    {
      "path": "detect_secrets.filters.heuristic.is_likely_id_string"
    },
    {
      "path": "detect_secrets.filters.heuristic.is_lock_file"
    },
    {
      "path": "detect_secrets.filters.heuristic.is_not_alphanumeric_string"
    },
    {
      "path": "detect_secrets.filters.heuristic.is_potential_uuid"
    },
    {
      "path": "detect_secrets.filters.heuristic.is_prefixed_with_dollar_sign"
    },
    {
      "path": "detect_secrets.filters.heuristic.is_sequential_string"
    },
    {
      "path": "detect_secrets.filters.heuristic.is_swagger_file"
    },
    {
      "path": "detect_secrets.filters.heuristic.is_templated_secret"
    }
  ],
  "results": {
    ".env.example": [
      {
        "type": "Basic Auth Credentials",
        "filename": ".env.example",
        "hashed_secret": "f61b186c137968a68a10fd5987724b878393d9d5",
        "is_verified": false,
        "line_number": 151
      }
    ],
    "PLAN20260301.md": [
      {
        "type": "Basic Auth Credentials",
        "filename": "PLAN20260301.md",
        "hashed_secret": "f61b186c137968a68a10fd5987724b878393d9d5",
        "is_verified": false,
        "line_number": 856
      }
    ],
    "agent_reach/channels/reddit.py": [
      {
        "type": "Basic Auth Credentials",
        "filename": "agent_reach/channels/reddit.py",
        "hashed_secret": "9d4e1e23bd5b727046a9e3b4b7db57bd8d6ee684",
        "is_verified": false,
        "line_number": 49
      }
    ],
    "agent_reach/cli.py": [
      {
        "type": "Basic Auth Credentials",
        "filename": "agent_reach/cli.py",
        "hashed_secret": "9d4e1e23bd5b727046a9e3b4b7db57bd8d6ee684",
        "is_verified": false,
        "line_number": 80
      },
      {
        "type": "Basic Auth Credentials",
        "filename": "agent_reach/cli.py",
        "hashed_secret": "5baa61e4c9b93f3f0682250b6cf8331b7ee68fd8",
        "is_verified": false,
        "line_number": 1799
      }
    ],
    "agent_reach/guides/setup-reddit.md": [
      {
        "type": "Basic Auth Credentials",
        "filename": "agent_reach/guides/setup-reddit.md",
        "hashed_secret": "5baa61e4c9b93f3f0682250b6cf8331b7ee68fd8",
        "is_verified": false,
        "line_number": 29
      }
    ],
    "agent_reach/guides/setup-twitter.md": [
      {
        "type": "Basic Auth Credentials",
        "filename": "agent_reach/guides/setup-twitter.md",
        "hashed_secret": "9d4e1e23bd5b727046a9e3b4b7db57bd8d6ee684",
        "is_verified": false,
        "line_number": 72
      }
    ],
    "agent_reach/guides/setup-xiaohongshu.md": [
      {
        "type": "Basic Auth Credentials",
        "filename": "agent_reach/guides/setup-xiaohongshu.md",
        "hashed_secret": "9d4e1e23bd5b727046a9e3b4b7db57bd8d6ee684",
        "is_verified": false,
        "line_number": 30
      }
    ],
    "app/provider/factory.py": [
      {
        "type": "Secret Keyword",
        "filename": "app/provider/factory.py",
        "hashed_secret": "80c3eb3a746f82974a9696275d8b52a37fba449b",
        "is_verified": false,
        "line_number": 81
      },
      {
        "type": "Secret Keyword",
        "filename": "app/provider/factory.py",
        "hashed_secret": "468dd4553b63d66a34fa520134da6813002ee0cc",
        "is_verified": false,
        "line_number": 86
      },
      {
        "type": "Secret Keyword",
        "filename": "app/provider/factory.py",
        "hashed_secret": "87185e8f7f8341c427a628d1e55fb65776d8023b",
        "is_verified": false,
        "line_number": 91
      }
    ],
    "app/voice/deep_gram.py": [
      {
        "type": "Secret Keyword",
        "filename": "app/voice/deep_gram.py",
        "hashed_secret": "ce7501007f04a6529e650f1f1b3fc0586d1d94eb",
        "is_verified": false,
        "line_number": 460
      }
    ],
    "app/voice/google.py": [
      {
        "type": "Base64 High Entropy String",
        "filename": "app/voice/google.py",
        "hashed_secret": "49ac546e72f8b168232e9ab981e53d36c3db9780",
        "is_verified": false,
        "line_number": 22
      },
      {
        "type": "Secret Keyword",
        "filename": "app/voice/google.py",
        "hashed_secret": "49ac546e72f8b168232e9ab981e53d36c3db9780",
        "is_verified": false,
        "line_number": 22
      }
    ],
    "app/voice/test.py": [
      {
        "type": "Base64 High Entropy String",
        "filename": "app/voice/test.py",
        "hashed_secret": "d6fa40f507d8ce8711b628a06505f68744cee138",
        "is_verified": false,
        "line_number": 5
      }
    ],
    "demo_enterprise.py": [
      {
        "type": "Base64 High Entropy String",
        "filename": "demo_enterprise.py",
        "hashed_secret": "d28a4bf18a67cba39b9e57e56a0e3bbd5173f349",
        "is_verified": false,
        "line_number": 50
      }
    ],
    "docker-compose.yml": [
      {
        "type": "Secret Keyword",
        "filename": "docker-compose.yml",
        "hashed_secret": "f61b186c137968a68a10fd5987724b878393d9d5",
        "is_verified": false,
        "line_number": 21
      },
      {
        "type": "Secret Keyword",
        "filename": "docker-compose.yml",
        "hashed_secret": "d033e22ae348aeb5660fc2140aec35850c4da997",
        "is_verified": false,
        "line_number": 58
      }
    ],
    "docs/01-system-architecture.md": [
      {
        "type": "Basic Auth Credentials",
        "filename": "docs/01-system-architecture.md",
        "hashed_secret": "9d4e1e23bd5b727046a9e3b4b7db57bd8d6ee684",
        "is_verified": false,
        "line_number": 584
      }
    ],
    "docs/08-deployment-scaling.md": [
      {
        "type": "Secret Keyword",
        "filename": "docs/08-deployment-scaling.md",
        "hashed_secret": "02ecb94373bfb3dfe827ca18409f50b016e8302a",
        "is_verified": false,
        "line_number": 621
      },
      {
        "type": "Basic Auth Credentials",
        "filename": "docs/08-deployment-scaling.md",
        "hashed_secret": "8bb6118f8fd6935ad0876a3be34a717d32708ffd",
        "is_verified": false,
        "line_number": 1322
      }
    ],
    "docs/09-repository-structure.md": [
      {
        "type": "Secret Keyword",
        "filename": "docs/09-repository-structure.md",
        "hashed_secret": "564e340cd48437d2dfe876ee154cc99dc4d0d137",
        "is_verified": false,
        "line_number": 464
      },
      {
        "type": "Basic Auth Credentials",
        "filename": "docs/09-repository-structure.md",
        "hashed_secret": "564e340cd48437d2dfe876ee154cc99dc4d0d137",
        "is_verified": false,
        "line_number": 498
      }
    ],
    "monitoring/.env.template": [
      {
        "type": "Basic Auth Credentials",
        "filename": "monitoring/.env.template",
        "hashed_secret": "ce2d995dd7c3c187111ee3641f42eccb79e3cc93",
        "is_verified": false,
        "line_number": 13
      }
    ],
    "monitoring/IMPLEMENTATION_SUMMARY.md": [
      {
        "type": "Basic Auth Credentials",
        "filename": "monitoring/IMPLEMENTATION_SUMMARY.md",
        "hashed_secret": "112bb791304791ddcf692e29fd5cf149b35fea37",
        "is_verified": false,
        "line_number": 187
      },
      {
        "type": "Secret Keyword",
        "filename": "monitoring/IMPLEMENTATION_SUMMARY.md",
        "hashed_secret": "79ef18bb9e529a91d8941c52b9d47aa71ab1443c",
        "is_verified": false,
        "line_number": 227
      }
    ],
    "monitoring/README_ANOMALY_HANDLER.md": [
      {
        "type": "Basic Auth Credentials",
        "filename": "monitoring/README_ANOMALY_HANDLER.md",
        "hashed_secret": "981eb7e146cab5b17b4c7f5f12af441d36d0cc36",
        "is_verified": false,
        "line_number": 90
      },
      {
        "type": "Basic Auth Credentials",
        "filename": "monitoring/README_ANOMALY_HANDLER.md",
        "hashed_secret": "9d4e1e23bd5b727046a9e3b4b7db57bd8d6ee684",
        "is_verified": false,
        "line_number": 126
      },
      {
        "type": "Secret Keyword",
        "filename": "monitoring/README_ANOMALY_HANDLER.md",
        "hashed_secret": "1a6e3707bf1ce5a534a3592f390fbf8d70e97af8",
        "is_verified": false,
        "line_number": 315
      }
    ],
    "monitoring/anomaly-handler.service": [
      {
        "type": "Basic Auth Credentials",
        "filename": "monitoring/anomaly-handler.service",
        "hashed_secret": "112bb791304791ddcf692e29fd5cf149b35fea37",
        "is_verified": false,
        "line_number": 17
      }
    ],
    "monitoring/config/dbconfig.yaml": [
      {
        "type": "Base64 High Entropy String",
        "filename": "monitoring/config/dbconfig.yaml",
        "hashed_secret": "b4ec60cbd99f04662279fff01e8862261533197b",
        "is_verified": false,
        "line_number": 8
      },
      {
        "type": "Secret Keyword",
        "filename": "monitoring/config/dbconfig.yaml",
        "hashed_secret": "b4ec60cbd99f04662279fff01e8862261533197b",
        "is_verified": false,
        "line_number": 8
      }
    ],
    "test_xai_grpc_client.py": [
      {
        "type": "Secret Keyword",
        "filename": "test_xai_grpc_client.py",
        "hashed_secret": "13d1d8e5c7564765580359a6bd7f865095afec44",
        "is_verified": false,
        "line_number": 97
      }
    ],
    "tests/test_audit_redaction.py": [
      {
        "type": "AWS Access Key",
        "filename": "tests/test_audit_redaction.py",
        "hashed_secret": "25910f981e85ca04baf359199dd0bd4a3ae738b6",
        "is_verified": false,
        "line_number": 32
      },
      {
        "type": "Private Key",
        "filename": "tests/test_audit_redaction.py",
        "hashed_secret": "be4fc4886bd949b369d5e092eb87494f12e57e5b",
        "is_verified": false,
        "line_number": 50
      },
      {
        "type": "JSON Web Token",
        "filename": "tests/test_audit_redaction.py",
        "hashed_secret": "5c12e8648a4eae0028219e205dee52d2f62d77e3",
        "is_verified": false,
        "line_number": 56
      },
      {
        "type": "Hex High Entropy String",
        "filename": "tests/test_audit_redaction.py",
        "hashed_secret": "d9db6fe5c14dc55edd34115cdf3958845ac30882",
        "is_verified": false,
        "line_number": 69
      },
      {
        "type": "Secret Keyword",
        "filename": "tests/test_audit_redaction.py",
        "hashed_secret": "3dde59ff3d79fc2322f4192f74c1d1af30d32cc6",
        "is_verified": false,
        "line_number": 124
      },
      {
        "type": "Secret Keyword",
        "filename": "tests/test_audit_redaction.py",
        "hashed_secret": "0ed76a021de7de59ede95fd00b2798ec8f50fcb9",
        "is_verified": false,
        "line_number": 229
      }
    ],
    "tests/test_observability.py": [
      {
        "type": "Base64 High Entropy String",
        "filename": "tests/test_observability.py",
        "hashed_secret": "4322bdf9ddc744c7a785b58b07ba1b2647fe25fa",
        "is_verified": false,
        "line_number": 296
      },
      {
        "type": "Base64 High Entropy String",
        "filename": "tests/test_observability.py",
        "hashed_secret": "17aa54d7ed454ac6566d3ba3595f7929141134bd",
        "is_verified": false,
        "line_number": 302
      },
      {
        "type": "Secret Keyword",
        "filename": "tests/test_observability.py",
        "hashed_secret": "17aa54d7ed454ac6566d3ba3595f7929141134bd",
        "is_verified": false,
        "line_number": 302
      }
    ]
  },
  "generated_at": "2026-06-16T05:20:44Z"
}
